[    0.000000] Linux version 4.15.0-212-generic (buildd@lcy02-amd64-083) (gcc version 7.5.0 (Ubuntu 7.5.0-3ubuntu1~18.04)) #223-Ubuntu SMP Tue May 23 13:09:22 UTC 2023 (Ubuntu 4.15.0-212.223-generic 4.15.18)
[    0.000000] Command line: BOOT_IMAGE=/boot/vmlinuz-4.15.0-212-generic root=LABEL=cloudimg-rootfs ro console=tty1 console=ttyS0
[    0.000000] KERNEL supported cpus:
[    0.000000]   Intel GenuineIntel
[    0.000000]   AMD AuthenticAMD
[    0.000000]   Centaur CentaurHauls
[    0.000000] [Firmware Bug]: TSC doesn't count with P0 frequency!
[    0.000000] x86/fpu: Supporting XSAVE feature 0x001: 'x87 floating point registers'
[    0.000000] x86/fpu: Supporting XSAVE feature 0x002: 'SSE registers'
[    0.000000] x86/fpu: Supporting XSAVE feature 0x004: 'AVX registers'
[    0.000000] x86/fpu: xstate_offset[2]:  576, xstate_sizes[2]:  256
[    0.000000] x86/fpu: Enabled xstate features 0x7, context size is 832 bytes, using 'standard' format.
[    0.000000] e820: BIOS-provided physical RAM map:
[    0.000000] BIOS-e820: [mem 0x0000000000000000-0x000000000009fbff] usable
[    0.000000] BIOS-e820: [mem 0x000000000009fc00-0x000000000009ffff] reserved
[    0.000000] BIOS-e820: [mem 0x00000000000f0000-0x00000000000fffff] reserved
[    0.000000] BIOS-e820: [mem 0x0000000000100000-0x000000003ffeffff] usable
[    0.000000] BIOS-e820: [mem 0x000000003fff0000-0x000000003fffffff] ACPI data
[    0.000000] BIOS-e820: [mem 0x00000000fec00000-0x00000000fec00fff] reserved
[    0.000000] BIOS-e820: [mem 0x00000000fee00000-0x00000000fee00fff] reserved
[    0.000000] BIOS-e820: [mem 0x00000000fffc0000-0x00000000ffffffff] reserved
[    0.000000] NX (Execute Disable) protection: active
[    0.000000] SMBIOS 2.5 present.
[    0.000000] DMI: innotek GmbH VirtualBox/VirtualBox, BIOS VirtualBox 12/01/2006
[    0.000000] Hypervisor detected: KVM
[    0.000000] e820: last_pfn = 0x3fff0 max_arch_pfn = 0x400000000
[    0.000000] MTRR: Disabled
[    0.000000] x86/PAT: MTRRs disabled, skipping PAT initialization too.
[    0.000000] CPU MTRRs all blank - virtualized system.
[    0.000000] x86/PAT: Configuration [0-7]: WB  WT  UC- UC  WB  WT  UC- UC  
[    0.000000] found SMP MP-table at [mem 0x0009fff0-0x0009ffff]
[    0.000000] Scanning 1 areas for low memory corruption
[    0.000000] RAMDISK: [mem 0x359cb000-0x36cdcfff]
[    0.000000] ACPI: Early table checksum verification disabled
[    0.000000] ACPI: RSDP 0x00000000000E0000 000024 (v02 VBOX  )
[    0.000000] ACPI: XSDT 0x000000003FFF0030 00003C (v01 VBOX   VBOXXSDT 00000001 ASL  00000061)
[    0.000000] ACPI: FACP 0x000000003FFF00F0 0000F4 (v04 VBOX   VBOXFACP 00000001 ASL  00000061)
[    0.000000] ACPI: DSDT 0x000000003FFF0610 002353 (v02 VBOX   VBOXBIOS 00000002 INTL 20100528)
[    0.000000] ACPI: FACS 0x000000003FFF0200 000040
[    0.000000] ACPI: FACS 0x000000003FFF0200 000040
[    0.000000] ACPI: APIC 0x000000003FFF0240 00005C (v02 VBOX   VBOXAPIC 00000001 ASL  00000061)
[    0.000000] ACPI: SSDT 0x000000003FFF02A0 00036C (v01 VBOX   VBOXCPUT 00000002 INTL 20100528)
[    0.000000] ACPI: Reserving FACP table memory at [mem 0x3fff00f0-0x3fff01e3]
[    0.000000] ACPI: Reserving DSDT table memory at [mem 0x3fff0610-0x3fff2962]
[    0.000000] ACPI: Reserving FACS table memory at [mem 0x3fff0200-0x3fff023f]
[    0.000000] ACPI: Reserving FACS table memory at [mem 0x3fff0200-0x3fff023f]
[    0.000000] ACPI: Reserving APIC table memory at [mem 0x3fff0240-0x3fff029b]
[    0.000000] ACPI: Reserving SSDT table memory at [mem 0x3fff02a0-0x3fff060b]
[    0.000000] No NUMA configuration found
[    0.000000] Faking a node at [mem 0x0000000000000000-0x000000003ffeffff]
[    0.000000] NODE_DATA(0) allocated [mem 0x3ffc5000-0x3ffeffff]
[    0.000000] kvm-clock: cpu 0, msr 0:3ff44001, primary cpu clock
[    0.000000] kvm-clock: Using msrs 4b564d01 and 4b564d00
[    0.000000] kvm-clock: using sched offset of 2849399037 cycles
[    0.000000] clocksource: kvm-clock: mask: 0xffffffffffffffff max_cycles: 0x1cd42e4dffb, max_idle_ns: 881590591483 ns
[    0.000000] Zone ranges:
[    0.000000]   DMA      [mem 0x0000000000001000-0x0000000000ffffff]
[    0.000000]   DMA32    [mem 0x0000000001000000-0x000000003ffeffff]
[    0.000000]   Normal   empty
[    0.000000]   Device   empty
[    0.000000] Movable zone start for each node
[    0.000000] Early memory node ranges
[    0.000000]   node   0: [mem 0x0000000000001000-0x000000000009efff]
[    0.000000]   node   0: [mem 0x0000000000100000-0x000000003ffeffff]
[    0.000000] Reserved but unavailable: 104 pages
[    0.000000] Initmem setup node 0 [mem 0x0000000000001000-0x000000003ffeffff]
[    0.000000] ACPI: PM-Timer IO Port: 0x4008
[    0.000000] IOAPIC[0]: apic_id 2, version 32, address 0xfec00000, GSI 0-23
[    0.000000] ACPI: INT_SRC_OVR (bus 0 bus_irq 0 global_irq 2 dfl dfl)
[    0.000000] ACPI: INT_SRC_OVR (bus 0 bus_irq 9 global_irq 9 low level)
[    0.000000] Using ACPI (MADT) for SMP configuration information
[    0.000000] smpboot: Allowing 2 CPUs, 0 hotplug CPUs
[    0.000000] PM: Registered nosave memory: [mem 0x00000000-0x00000fff]
[    0.000000] PM: Registered nosave memory: [mem 0x0009f000-0x0009ffff]
[    0.000000] PM: Registered nosave memory: [mem 0x000a0000-0x000effff]
[    0.000000] PM: Registered nosave memory: [mem 0x000f0000-0x000fffff]
[    0.000000] e820: [mem 0x40000000-0xfebfffff] available for PCI devices
[    0.000000] Booting paravirtualized kernel on KVM
[    0.000000] clocksource: refined-jiffies: mask: 0xffffffff max_cycles: 0xffffffff, max_idle_ns: 7645519600211568 ns
[    0.000000] setup_percpu: NR_CPUS:8192 nr_cpumask_bits:2 nr_cpu_ids:2 nr_node_ids:1
[    0.000000] percpu: Embedded 50 pages/cpu s167936 r8192 d28672 u1048576
[    0.000000] PV qspinlock hash table entries: 256 (order: 0, 4096 bytes)
[    0.000000] Built 1 zonelists, mobility grouping on.  Total pages: 257913
[    0.000000] Policy zone: DMA32
[    0.000000] Kernel command line: BOOT_IMAGE=/boot/vmlinuz-4.15.0-212-generic root=LABEL=cloudimg-rootfs ro console=tty1 console=ttyS0
[    0.000000] Memory: 982644K/1048120K available (12300K kernel code, 2477K rwdata, 4324K rodata, 2480K init, 2720K bss, 65476K reserved, 0K cma-reserved)
[    0.000000] SLUB: HWalign=64, Order=0-3, MinObjects=0, CPUs=2, Nodes=1
[    0.000000] ftrace: allocating 39508 entries in 155 pages
[    0.004000] Hierarchical RCU implementation.
[    0.004000] 	RCU restricting CPUs from NR_CPUS=8192 to nr_cpu_ids=2.
[    0.004000] 	Tasks RCU enabled.
[    0.004000] RCU: Adjusting geometry for rcu_fanout_leaf=16, nr_cpu_ids=2
[    0.004000] NR_IRQS: 524544, nr_irqs: 440, preallocated irqs: 16
[    0.004000] random: crng init done
[    0.004000] Console: colour VGA+ 80x25
[    0.004000] console [tty1] enabled
[    0.004000] console [ttyS0] enabled
[    0.004000] ACPI: Core revision 20170831
[    0.004000] ACPI: 2 ACPI AML tables successfully acquired and loaded
[    0.004000] APIC: Switch to symmetric I/O mode setup
[    0.004000] x2apic enabled
[    0.004000] Switched APIC routing to physical x2apic.
[    0.004000] ..TIMER: vector=0x30 apic1=0 pin1=2 apic2=-1 pin2=-1
[    0.004000] tsc: Detected 3593.254 MHz processor
[    0.004000] Calibrating delay loop (skipped) preset value.. 7186.50 BogoMIPS (lpj=14373016)
[    0.004003] pid_max: default: 32768 minimum: 301
[    0.004494] Security Framework initialized
[    0.004916] Yama: becoming mindful.
[    0.005323] AppArmor: AppArmor initialized
[    0.006249] Dentry cache hash table entries: 131072 (order: 8, 1048576 bytes)
[    0.007092] Inode-cache hash table entries: 65536 (order: 7, 524288 bytes)
[    0.008011] Mount-cache hash table entries: 2048 (order: 2, 16384 bytes)
[    0.008691] Mountpoint-cache hash table entries: 2048 (order: 2, 16384 bytes)
[    0.009545] Last level iTLB entries: 4KB 512, 2MB 512, 4MB 256
[    0.010169] Last level dTLB entries: 4KB 2048, 2MB 2048, 4MB 1024, 1GB 0
[    0.010904] Spectre V1 : Mitigation: usercopy/swapgs barriers and __user pointer sanitization
[    0.012004] Spectre V2 : Mitigation: Retpolines
[    0.012627] Spectre V2 : Spectre v2 / SpectreRSB mitigation: Filling RSB on context switch
[    0.013433] Spectre V2 : Spectre v2 / SpectreRSB : Filling RSB on VMEXIT
[    0.014199] Freeing SMP alternatives memory: 36K
[    0.124194] smpboot: CPU0: AMD Ryzen 5 5600GT with Radeon Graphics (family: 0x19, model: 0x50, stepping: 0x0)
[    0.125224] Performance Events: PMU not available due to virtualization, using software events only.
[    0.126101] Hierarchical SRCU implementation.
[    0.126961] NMI watchdog: Perf event create on CPU 0 failed with -2
[    0.127657] NMI watchdog: Perf NMI watchdog permanently disabled
[    0.128000] smp: Bringing up secondary CPUs ...
[    0.128068] x86: Booting SMP configuration:
[    0.128494] .... node  #0, CPUs:      #1
[    0.004000] kvm-clock: cpu 1, msr 0:3ff44041, secondary cpu clock
[    0.132012] smp: Brought up 1 node, 2 CPUs
[    0.132478] smpboot: Max logical packages: 1
[    0.132940] smpboot: Total of 2 processors activated (14373.01 BogoMIPS)
[    0.133668] devtmpfs: initialized
[    0.133668] x86/mm: Memory block size: 128MB
[    0.133668] evm: security.selinux
[    0.133668] evm: security.SMACK64
[    0.133668] evm: security.SMACK64EXEC
[    0.134021] evm: security.SMACK64TRANSMUTE
[    0.136002] evm: security.SMACK64MMAP
[    0.136378] evm: security.apparmor
[    0.136741] evm: security.ima
[    0.137050] evm: security.capability
[    0.137449] clocksource: jiffies: mask: 0xffffffff max_cycles: 0xffffffff, max_idle_ns: 7645041785100000 ns
[    0.137449] futex hash table entries: 512 (order: 3, 32768 bytes)
[    0.137948] pinctrl core: initialized pinctrl subsystem
[    0.140073] RTC time: 20:52:23, date: 10/05/24
[    0.140658] NET: Registered protocol family 16
[    0.141219] audit: initializing netlink subsys (disabled)
[    0.141787] audit: type=2000 audit(1728161547.364:1): state=initialized audit_enabled=0 res=1
[    0.141787] cpuidle: using governor ladder
[    0.141787] cpuidle: using governor menu
[    0.144029] ACPI: bus type PCI registered
[    0.144460] acpiphp: ACPI Hot Plug PCI Controller Driver version: 0.5
[    0.145160] PCI: Using configuration type 1 for base access
[    0.145746] PCI: Using configuration type 1 for extended access
[    0.146372] HugeTLB registered 2.00 MiB page size, pre-allocated 0 pages
[    0.148040] ACPI: Added _OSI(Module Device)
[    0.148481] ACPI: Added _OSI(Processor Device)
[    0.148928] ACPI: Added _OSI(3.0 _SCP Extensions)
[    0.149430] ACPI: Added _OSI(Processor Aggregator Device)
[    0.149953] ACPI: Added _OSI(Linux-Dell-Video)
[    0.150405] ACPI: Added _OSI(Linux-Lenovo-NV-HDMI-Audio)
[    0.151016] ACPI: Added _OSI(Linux-HPI-Hybrid-Graphics)
[    0.152079] ACPI: Executed 1 blocks of module-level executable AML code
[    0.154301] ACPI: Interpreter enabled
[    0.154694] ACPI: (supports S0 S5)
[    0.155078] ACPI: Using IOAPIC for interrupt routing
[    0.155710] PCI: Using host bridge windows from ACPI; if necessary, use "pci=nocrs" and report a bug
[    0.156082] ACPI: Enabled 2 GPEs in block 00 to 07
[    0.156154] ACPI: PCI Root Bridge [PCI0] (domain 0000 [bus 00-ff])
[    0.156824] acpi PNP0A03:00: _OSC: OS supports [ExtendedConfig ASPM ClockPM Segments MSI]
[    0.158070] acpi PNP0A03:00: _OSC: platform does not support [PCIeCapability]
[    0.159001] acpi PNP0A03:00: _OSC: not requesting control; platform does not support [PCIeCapability]
[    0.159898] acpi PNP0A03:00: _OSC: OS requested [PCIeHotplug PME AER PCIeCapability]
[    0.164002] acpi PNP0A03:00: _OSC: platform willing to grant [PCIeHotplug PME AER]
[    0.164746] acpi PNP0A03:00: _OSC failed (AE_SUPPORT); disabling ASPM
[    0.165561] PCI host bridge to bus 0000:00
[    0.165979] pci_bus 0000:00: root bus resource [io  0x0000-0x0cf7 window]
[    0.167018] pci_bus 0000:00: root bus resource [io  0x0d00-0xffff window]
[    0.168001] pci_bus 0000:00: root bus resource [mem 0x000a0000-0x000bffff window]
[    0.168749] pci_bus 0000:00: root bus resource [mem 0x40000000-0xfdffffff window]
[    0.169481] pci_bus 0000:00: root bus resource [bus 00-ff]
[    0.171098] pci 0000:00:01.1: legacy IDE quirk: reg 0x10: [io  0x01f0-0x01f7]
[    0.171778] pci 0000:00:01.1: legacy IDE quirk: reg 0x14: [io  0x03f6]
[    0.172001] pci 0000:00:01.1: legacy IDE quirk: reg 0x18: [io  0x0170-0x0177]
[    0.172695] pci 0000:00:01.1: legacy IDE quirk: reg 0x1c: [io  0x0376]
[    0.176545] pci 0000:00:07.0: quirk: [io  0x4000-0x403f] claimed by PIIX4 ACPI
[    0.177330] pci 0000:00:07.0: quirk: [io  0x4100-0x410f] claimed by PIIX4 SMB
[    0.180225] ACPI: PCI Interrupt Link [LNKA] (IRQs 5 9 10 *11)
[    0.180938] ACPI: PCI Interrupt Link [LNKB] (IRQs 5 9 *10 11)
[    0.181565] ACPI: PCI Interrupt Link [LNKC] (IRQs 5 *9 10 11)
[    0.182209] ACPI: PCI Interrupt Link [LNKD] (IRQs 5 9 10 *11)
[    0.182925] SCSI subsystem initialized
[    0.184023] pci 0000:00:02.0: vgaarb: setting as boot VGA device
[    0.184624] pci 0000:00:02.0: vgaarb: VGA device added: decodes=io+mem,owns=io+mem,locks=none
[    0.188009] pci 0000:00:02.0: vgaarb: bridge control possible
[    0.188589] vgaarb: loaded
[    0.188893] ACPI: bus type USB registered
[    0.189330] usbcore: registered new interface driver usbfs
[    0.189858] usbcore: registered new interface driver hub
[    0.190369] usbcore: registered new device driver usb
[    0.190913] EDAC MC: Ver: 3.0.0
[    0.192099] PCI: Using ACPI for IRQ routing
[    0.192597] NetLabel: Initializing
[    0.192993] NetLabel:  domain hash size = 128
[    0.193489] NetLabel:  protocols = UNLABELED CIPSOv4 CALIPSO
[    0.194053] NetLabel:  unlabeled traffic allowed by default
[    0.194597] clocksource: Switched to clocksource kvm-clock
[    0.200322] VFS: Disk quotas dquot_6.6.0
[    0.200322] VFS: Dquot-cache hash table entries: 512 (order 0, 4096 bytes)
[    0.200322] AppArmor: AppArmor Filesystem Enabled
[    0.200322] pnp: PnP ACPI init
[    0.200322] pnp: PnP ACPI: found 3 devices
[    0.210318] clocksource: acpi_pm: mask: 0xffffff max_cycles: 0xffffff, max_idle_ns: 2085701024 ns
[    0.211602] NET: Registered protocol family 2
[    0.212138] IP idents hash table entries: 16384 (order: 5, 131072 bytes)
[    0.213396] TCP established hash table entries: 8192 (order: 4, 65536 bytes)
[    0.214206] TCP bind hash table entries: 8192 (order: 5, 131072 bytes)
[    0.214938] TCP: Hash tables configured (established 8192 bind 8192)
[    0.215636] UDP hash table entries: 512 (order: 2, 16384 bytes)
[    0.216256] UDP-Lite hash table entries: 512 (order: 2, 16384 bytes)
[    0.217130] NET: Registered protocol family 1
[    0.217702] pci 0000:00:00.0: Limiting direct PCI/PCI transfers
[    0.218472] pci 0000:00:01.0: Activating ISA DMA hang workarounds
[    0.219356] pci 0000:00:02.0: Video device with shadowed ROM at [mem 0x000c0000-0x000dffff]
[    0.220247] Unpacking initramfs...
[    0.220247] Freeing initrd memory: 19528K
[    0.220247] clocksource: tsc: mask: 0xffffffffffffffff max_cycles: 0x33cb6ecbec8, max_idle_ns: 440795311068 ns
[    0.220247] platform rtc_cmos: registered platform RTC device (no PNP device found)
[    0.220247] Scanning for low memory corruption every 60 seconds
[    0.400168] Initialise system trusted keyrings
[    0.400669] Key type blacklist registered
[    0.401154] workingset: timestamp_bits=36 max_order=18 bucket_order=0
[    0.402361] zbud: loaded
[    0.402924] squashfs: version 4.0 (2009/01/31) Phillip Lougher
[    0.403602] fuse init (API version 7.26)
[    0.405893] Key type asymmetric registered
[    0.406387] Asymmetric key parser 'x509' registered
[    0.406999] Block layer SCSI generic (bsg) driver version 0.4 loaded (major 246)
[    0.407841] io scheduler noop registered
[    0.408371] io scheduler deadline registered
[    0.408934] io scheduler cfq registered (default)
[    0.409761] ACPI: AC Adapter [AC] (on-line)
[    0.410220] input: Power Button as /devices/LNXSYSTM:00/LNXPWRBN:00/input/input0
[    0.410998] ACPI: Power Button [PWRF]
[    0.411418] input: Sleep Button as /devices/LNXSYSTM:00/LNXSLPBN:00/input/input1
[    0.412158] ACPI: Sleep Button [SLPF]
[    0.412770] Serial: 8250/16550 driver, 32 ports, IRQ sharing enabled
[    0.433718] 00:02: ttyS0 at I/O 0x3f8 (irq = 4, base_baud = 115200) is a 16550A
[    0.435891] Linux agpgart interface v0.103
[    0.437522] loop: module loaded
[    0.438284] scsi host0: ata_piix
[    0.438716] scsi host1: ata_piix
[    0.439138] ata1: PATA max UDMA/33 cmd 0x1f0 ctl 0x3f6 bmdma 0xd000 irq 14
[    0.439838] ata2: PATA max UDMA/33 cmd 0x170 ctl 0x376 bmdma 0xd008 irq 15
[    0.440794] tun: Universal TUN/TAP device driver, 1.6
[    0.441378] PPP generic driver version 2.4.2
[    0.441873] ehci_hcd: USB 2.0 'Enhanced' Host Controller (EHCI) Driver
[    0.442567] ehci-pci: EHCI PCI platform driver
[    0.443056] ehci-platform: EHCI generic platform driver
[    0.443716] ohci_hcd: USB 1.1 'Open' Host Controller (OHCI) Driver
[    0.444398] ohci-pci: OHCI PCI platform driver
[    0.444868] ohci-platform: OHCI generic platform driver
[    0.445378] uhci_hcd: USB Universal Host Controller Interface driver
[    0.446006] i8042: PNP: PS/2 Controller [PNP0303:PS2K,PNP0f03:PS2M] at 0x60,0x64 irq 1,12
[    0.447136] serio: i8042 KBD port at 0x60,0x64 irq 1
[    0.447643] serio: i8042 AUX port at 0x60,0x64 irq 12
[    0.448220] mousedev: PS/2 mouse device common for all mice
[    0.449143] rtc_cmos rtc_cmos: rtc core: registered rtc_cmos as rtc0
[    0.449795] input: AT Translated Set 2 keyboard as /devices/platform/i8042/serio0/input/input2
[    0.450765] rtc_cmos rtc_cmos: alarms up to one day, 114 bytes nvram
[    0.451387] i2c /dev entries driver
[    0.451789] device-mapper: uevent: version 1.0.3
[    0.452431] device-mapper: ioctl: 4.37.0-ioctl (2017-09-20) initialised: dm-devel@redhat.com
[    0.453322] ledtrig-cpu: registered to indicate activity on CPUs
[    0.454181] NET: Registered protocol family 10
[    0.456560] Segment Routing with IPv6
[    0.457047] NET: Registered protocol family 17
[    0.457613] Key type dns_resolver registered
[    0.458297] mce: Using 0 MCE banks
[    0.458668] RAS: Correctable Errors collector initialized.
[    0.459224] sched_clock: Marking stable (458280068, 0)->(557871083, -99591015)
[    0.460149] registered taskstats version 1
[    0.460559] Loading compiled-in X.509 certificates
[    0.462183] Loaded X.509 cert 'Build time autogenerated kernel key: b5b26778eaa3ab3a4a6cee031137706e947d12ad'
[    0.463390] Loaded X.509 cert 'Canonical Ltd. Live Patch Signing: 14df34d1a87cf37625abec039ef2bf521249b969'
[    0.464667] Loaded X.509 cert 'Canonical Ltd. Kernel Module Signing: 88f752e560a1e0737e31163a466ad7b70a850c19'
[    0.465708] blacklist: Loading compiled-in revocation X.509 certificates
[    0.466344] Loaded X.509 cert 'Canonical Ltd. Secure Boot Signing: 61482aa2830d0ab2ad5af10b7250da9033ddcef0'
[    0.467280] Loaded X.509 cert 'Canonical Ltd. Secure Boot Signing (2017): 242ade75ac4a15e50d50c84b0d45ff3eae707a03'
[    0.468279] Loaded X.509 cert 'Canonical Ltd. Secure Boot Signing (ESM 2018): 365188c1d374d6b07c3c8f240f8ef722433d6a8b'
[    0.469336] Loaded X.509 cert 'Canonical Ltd. Secure Boot Signing (2019): c0746fd6c5da3ae827864651ad66ae47fe24b3e8'
[    0.470349] Loaded X.509 cert 'Canonical Ltd. Secure Boot Signing (2021 v1): a8d54bbb3825cfb94fa13c9f8a594a195c107b8d'
[    0.471381] Loaded X.509 cert 'Canonical Ltd. Secure Boot Signing (2021 v2): 4cf046892d6fd3c9a5b03f98d845f90851dc6a8c'
[    0.472413] Loaded X.509 cert 'Canonical Ltd. Secure Boot Signing (2021 v3): 100437bb6de6e469b581e61cd66bce3ef4ed53af'
[    0.473445] Loaded X.509 cert 'Canonical Ltd. Secure Boot Signing (Ubuntu Core 2019): c1d57b8f6b743f23ee41f4f7ee292f06eecadfb9'
[    0.474609] zswap: loaded using pool lzo/zbud
[    0.476736] Key type big_key registered
[    0.477285] Key type trusted registered
[    0.478540] Key type encrypted registered
[    0.478969] AppArmor: AppArmor sha1 policy hashing enabled
[    0.479499] ima: No TPM chip found, activating TPM-bypass! (rc=-19)
[    0.480096] ima: Allocated hash algorithm: sha1
[    0.480589] evm: HMAC attrs: 0x1
[    0.481087]   Magic number: 12:860:901
[    0.481486] clocksource clocksource0: hash matches
[    0.481964] acpi PNP0501:01: hash matches
[    0.482411] rtc_cmos rtc_cmos: setting system clock to 2024-10-05 20:52:23 UTC (1728161543)
[    0.483286] BIOS EDD facility v0.16 2004-Jun-25, 0 devices found
[    0.483952] EDD information not available.
[    0.623466] Freeing unused kernel image memory: 2480K
[    1.128401] Write protecting the kernel read-only data: 20480k
[    1.129670] Freeing unused kernel image memory: 2008K
[    1.130580] Freeing unused kernel image memory: 1820K
[    1.134124] x86/mm: Checked W+X mappings: passed, no W+X pages found.
Loading, please wait...
starting version 237
[    1.167383] Fusion MPT base driver 3.04.20
[    1.167937] Copyright (c) 1999-2008 LSI Corporation
[    1.168674] e1000: Intel(R) PRO/1000 Network Driver - version 7.3.21-k8-NAPI
[    1.169445] e1000: Copyright (c) 1999-2006 Intel Corporation.
[    1.171219] Fusion MPT SPI Host driver 3.04.20
[    1.180842] AVX2 version of gcm_enc/dec engaged.
[    1.181399] AES CTR mode by8 optimization enabled
[    1.377024] input: ImExPS/2 Generic Explorer Mouse as /devices/platform/i8042/serio1/input/input4
[    1.519170] e1000 0000:00:03.0 eth0: (PCI:33MHz:32-bit) 02:3b:7b:b7:3b:2d
[    1.519912] e1000 0000:00:03.0 eth0: Intel(R) PRO/1000 Network Connection
[    1.521761] e1000 0000:00:03.0 enp0s3: renamed from eth0
[    1.522352] mptbase: ioc0: Initiating bringup
[    2.268693] ioc0: LSI53C1030 A0: Capabilities={Initiator}
[    2.509454] scsi host2: ioc0: LSI53C1030 A0, FwRev=00000000h, Ports=1, MaxQ=256, IRQ=20
[    3.352658] scsi 2:0:0:0: Direct-Access     VBOX     HARDDISK         1.0  PQ: 0 ANSI: 5
[    3.387983] scsi target2:0:0: Beginning Domain Validation
[    3.389202] scsi target2:0:0: Domain Validation skipping write tests
[    3.389821] scsi target2:0:0: Ending Domain Validation
[    3.390351] scsi target2:0:0: asynchronous
[    3.390963] scsi 2:0:1:0: Direct-Access     VBOX     HARDDISK         1.0  PQ: 0 ANSI: 5
[    3.532171] scsi target2:0:1: Beginning Domain Validation
[    3.533468] scsi target2:0:1: Domain Validation skipping write tests
[    3.534113] scsi target2:0:1: Ending Domain Validation
[    3.534645] scsi target2:0:1: asynchronous
[    3.536827] sd 2:0:0:0: Attached scsi generic sg0 type 0
[    3.537567] sd 2:0:1:0: Attached scsi generic sg1 type 0
[    3.537573] sd 2:0:0:0: [sda] 83886080 512-byte logical blocks: (42.9 GB/40.0 GiB)
[    3.539033] sd 2:0:1:0: [sdb] 20480 512-byte logical blocks: (10.5 MB/10.0 MiB)
[    3.539064] sd 2:0:0:0: [sda] Write Protect is off
[    3.540457] sd 2:0:1:0: [sdb] Write Protect is off
[    3.540512] sd 2:0:0:0: [sda] Incomplete mode parameter data
[    3.541509] sd 2:0:0:0: [sda] Assuming drive cache: write through
[    3.542258] sd 2:0:1:0: [sdb] Incomplete mode parameter data
[    3.542825] sd 2:0:1:0: [sdb] Assuming drive cache: write through
[    3.543496]  sda: sda1
[    3.544156] sd 2:0:0:0: [sda] Attached SCSI disk
[    3.545248] sd 2:0:1:0: [sdb] Attached SCSI disk
Begin: Loading essential drivers ... [    4.886606] raid6: sse2x1   gen()  9050 MB/s
[    4.933652] raid6: sse2x1   xor() 14424 MB/s
[    5.008591] raid6: sse2x2   gen() 15995 MB/s
[    5.061881] raid6: sse2x2   xor() 19639 MB/s
[    5.157402] raid6: sse2x4   gen() 42276 MB/s
[    5.204022] raid6: sse2x4   xor() 12934 MB/s
[    5.278557] raid6: avx2x1   gen() 18329 MB/s
[    5.329770] raid6: avx2x1   xor() 28455 MB/s
[    5.409135] raid6: avx2x2   gen() 40733 MB/s
[    5.468562] raid6: avx2x2   xor() 33244 MB/s
[    5.554161] raid6: avx2x4   gen() 72824 MB/s
[    5.648192] raid6: avx2x4   xor() 26286 MB/s
[    5.648815] raid6: using algorithm avx2x4 gen() 72824 MB/s
[    5.649414] raid6: .... xor() 26286 MB/s, rmw enabled
[    5.649934] raid6: using avx2x2 recovery algorithm
[    5.651153] xor: automatically using best checksumming function   avx       
[    5.652319] async_tx: api initialized (async)
done.
Begin: Running /scripts/init-premount ... done.
Begin: Mounting root file system ... Begin: Running /scripts/local-top ... done.
Begin: Running /scripts/local-premount ... [    5.674708] Btrfs loaded, crc32c=crc32c-intel
Scanning for Btrfs filesystems
done.
Warning: fsck not present, so skipping root file system
[    5.689416] EXT4-fs (sda1): mounted filesystem with ordered data mode. Opts: (null)
done.
Begin: Running /scripts/local-bottom ... done.
Begin: Running /scripts/init-bottom ... done.
[    5.785253] ip_tables: (C) 2000-2006 Netfilter Core Team
[    5.790109] systemd[1]: systemd 237 running in system mode. (+PAM +AUDIT +SELINUX +IMA +APPARMOR +SMACK +SYSVINIT +UTMP +LIBCRYPTSETUP +GCRYPT +GNUTLS +ACL +XZ +LZ4 +SECCOMP +BLKID +ELFUTILS +KMOD -IDN2 +IDN -PCRE2 default-hierarchy=hybrid)
[    5.792224] systemd[1]: Detected virtualization oracle.
[    5.792823] systemd[1]: Detected architecture x86-64.

Welcome to [1mUbuntu 18.04.6 LTS[0m!

[    5.796162] systemd[1]: Set hostname to <ubuntu>.
[    5.798335] systemd[1]: Initializing machine ID from random generator.
[    5.799015] systemd[1]: Installed transient /etc/machine-id file.
[    5.933312] systemd[1]: Created slice System Slice.
[[0;32m  OK  [0m] Created slice System Slice.
[    5.944383] systemd[1]: Listening on Journal Audit Socket.
[[0;32m  OK  [0m] Listening on Journal Audit Socket.
[    5.945330] systemd[1]: Listening on Journal Socket (/dev/log).
[[0;32m  OK  [0m] Listening on Journal Socket (/dev/log).
[    5.946351] systemd[1]: Listening on Syslog Socket.
[[0;32m  OK  [0m] Listening on Syslog Socket.
[[0;32m  OK  [0m] Listening on Journal Socket.
         Starting Create list of required stâ€¦ce nodes for the current kernel...
         Mounting Huge Pages File System...
[[0;32m  OK  [0m] Listening on Network Service Netlink Socket.
         Mounting Kernel Debug File System...
         Mounting POSIX Message Queue File System...
[[0;32m  OK  [0m] Reached target System Time Synchronized.
         Starting Journal Service...
[[0;32m  OK  [0m] Listening on /dev/initctl Compatibility Named Pipe.
         Starting Uncomplicated firewall...
         Starting Set the console keyboard layout...
[[0;32m  OK  [0m] Reached target Mounting snaps.
[[0;32m  OK  [0m] Reached target Swap.
[[0;32m  OK  [0m] Listening on fsck to fsckd communication Socket.
[[0;32m  OK  [0m] Listening on LVM2 metadata daemon socket.
[[0;32m  OK  [0m] Created slice User and Session Slice.
[[0;32m  OK  [0m] Reached target Slices.
[[0;32m  OK  [0m] Reached target Mounted snaps.
[[0;32m  OK  [0m] Started Forward Password Requests to Wall Directory Watch.
         Starting File System Check on Root Device...
[[0;32m  OK  [0m] Reached target User and Group Name Lookups.
[[0;32m  OK  [0m] Listening on udev Kernel Socket.
[[0;32m  OK  [0m] Listening on LVM2 poll daemon socket.
         Starting Load Kernel Modules...
[[0;32m  OK  [0m] Set up automount Arbitrary Executabâ€¦rmats File System Automount Point.
[[0;32m  OK  [0m] Listening on Device-mapper event daemon FIFOs.
         Starting Monitoring of LVM2 mirrorsâ€¦ng dmeventd or progress polling...
[[0;32m  OK  [0m] Created slice system-serial\x2dgetty.slice.
[[0;32m  OK  [0m] Listening on udev Control Socket.
         Starting udev Coldplug all Devices...
[[0;32m  OK  [0m] Started Journal Service.
[[0;32m  OK  [0m] Started Create list of required staâ€¦vice nodes for the current kernel.
[[0;32m  OK  [0m] Mounted Huge Pages File System.
[[0;32m  OK  [0m] Mounted Kernel Debug File System.
[[0;32m  OK  [0m] Mounted POSIX Message Queue File System.
[[0;32m  OK  [0m] Started Uncomplicated firewall.
[[0;32m  OK  [0m] Started File System Check Daemon to report status.
         Starting Create Static Device Nodes in /dev...
[    6.005137] Loading iSCSI transport class v2.0-870.
[    6.007938] iscsi: registered transport (tcp)
[    6.016304] iscsi: registered transport (iser)
[[0;32m  OK  [0m] Started Load Kernel Modules.
         Starting Apply Kernel Variables...
         Mounting Kernel Configuration File System...
         Mounting FUSE Control File System...
[[0;32m  OK  [0m] Mounted Kernel Configuration File System.
[[0;32m  OK  [0m] Mounted FUSE Control File System.
[[0;32m  OK  [0m] Started LVM2 metadata daemon.
[[0;32m  OK  [0m] Started udev Coldplug all Devices.
[[0;32m  OK  [0m] Started Create Static Device Nodes in /dev.
[[0;32m  OK  [0m] Started File System Check on Root Device.
         Starting Remount Root and Kernel File Systems...
[[0;32m  OK  [0m] Started Apply Kernel Variables.
[[0;32m  OK  [0m] Started Remount Root and Kernel File Systems.
         Starting Load/Save Random Seed...
         Starting udev Kernel Device Manager...
         Starting Flush Journal to Persistent Storage...
[[0;32m  OK  [0m] Started Monitoring of LVM2 mirrors,â€¦sing dmeventd or progress polling.
[[0;32m  OK  [0m] Started Load/Save Random Seed.
[[0;32m  OK  [0m] Started udev Kernel Device Manager.
[[0;32m  OK  [0m] Started Flush Journal to Persistent Storage.
[[0;32m  OK  [0m] Found device /dev/ttyS0.
[[0;32m  OK  [0m] Listening on Load/Save RF Kill Switch Status /dev/rfkill Watch.
         Mounting Arbitrary Executable File Formats File System...
[[0;32m  OK  [0m] Mounted Arbitrary Executable File Formats File System.
[[0;32m  OK  [0m] Started Set the console keyboard layout.
[[0;32m  OK  [0m] Reached target Local File Systems (Pre).
[[0;32m  OK  [0m] Reached target Local File Systems.
         Starting Set console font and keymap...
         Starting AppArmor initialization...
         Starting Create Volatile Files and Directories...
         Starting Commit a transient machine-id on disk...
         Starting ebtables ruleset management...
         Starting Tell Plymouth To Write Out Runtime Data...
[[0;32m  OK  [0m] Started Dispatch Password Requests to Console Directory Watch.
[[0;32m  OK  [0m] Reached target Local Encrypted Volumes.
[[0;32m  OK  [0m] Started Tell Plymouth To Write Out Runtime Data.
[[0;32m  OK  [0m] Started Create Volatile Files and Directories.
         Starting Update UTMP about System Boot/Shutdown...
[[0;32m  OK  [0m] Started Update UTMP about System Boot/Shutdown.
[[0;32m  OK  [0m] Started Commit a transient machine-id on disk.
[[0;32m  OK  [0m] Started ebtables ruleset management.
[[0;32m  OK  [0m] Started AppArmor initialization.
[[0;32m  OK  [0m] Started Set console font and keymap.
         Starting Initial cloud-init job (pre-networking)...
         Starting Load AppArmor profiles managed internally by snapd...
[[0;32m  OK  [0m] Started Load AppArmor profiles managed internally by snapd.
[    8.828723] cloud-init[807]: Cloud-init v. 23.1.2-0ubuntu0~18.04.1 running 'init-local' at Sat, 05 Oct 2024 20:52:31 +0000. Up 8.58 seconds.
[[0;32m  OK  [0m] Started Initial cloud-init job (pre-networking).
[[0;32m  OK  [0m] Reached target Network (Pre).
         Starting Network Service...
[[0;32m  OK  [0m] Started Network Service.
         Starting Network Name Resolution...
         Starting Wait for Network to be Configured...
[[0;32m  OK  [0m] Started Network Name Resolution.
[[0;32m  OK  [0m] Reached target Network.
[[0;32m  OK  [0m] Reached target Host and Network Name Lookups.
[[0;32m  OK  [0m] Started Wait for Network to be Configured.
         Starting Initial cloud-init job (metadata service crawler)...
[   10.685248] cloud-init[963]: Cloud-init v. 23.1.2-0ubuntu0~18.04.1 running 'init' at Sat, 05 Oct 2024 20:52:33 +0000. Up 10.56 seconds.
[   10.686045] cloud-init[963]: ci-info: ++++++++++++++++++++++++++++++++++++++Net device info++++++++++++++++++++++++++++++++++++++
[   10.686792] cloud-init[963]: ci-info: +--------+------+----------------------------+---------------+--------+-------------------+
[   10.687518] cloud-init[963]: ci-info: | Device |  Up  |          Address           |      Mask     | Scope  |     Hw-Address    |
[   10.688288] cloud-init[963]: ci-info: +--------+------+----------------------------+---------------+--------+-------------------+
[   10.689090] cloud-init[963]: ci-info: | enp0s3 | True |         10.0.2.15          | 255.255.255.0 | global | 02:3b:7b:b7:3b:2d |
[   10.689905] cloud-init[963]: ci-info: | enp0s3 | True | fe80::3b:7bff:feb7:3b2d/64 |       .       |  link  | 02:3b:7b:b7:3b:2d |
[   10.690637] cloud-init[963]: ci-info: |   lo   | True |         127.0.0.1          |   255.0.0.0   |  host  |         .         |
[   10.691358] cloud-init[963]: ci-info: |   lo   | True |          ::1/128           |       .       |  host  |         .         |
[   10.692122] cloud-init[963]: ci-info: +--------+------+----------------------------+---------------+--------+-------------------+
[   10.692841] cloud-init[963]: ci-info: ++++++++++++++++++++++++++++Route IPv4 info+++++++++++++++++++++++++++++
[   10.693462] cloud-init[963]: ci-info: +-------+-------------+----------+-----------------+-----------+-------+
[   10.694375] cloud-init[963]: ci-info: | Route | Destination | Gateway  |     Genmask     | Interface | Flags |
[   10.695218] cloud-init[963]: ci-info: +-------+-------------+----------+-----------------+-----------+-------+
[   10.695904] cloud-init[963]: ci-info: |   0   |   0.0.0.0   | 10.0.2.2 |     0.0.0.0     |   enp0s3  |   UG  |
[   10.696815] cloud-init[963]: ci-info: |   1   |   10.0.2.0  | 0.0.0.0  |  255.255.255.0  |   enp0s3  |   U   |
[   10.697745] cloud-init[963]: ci-info: |   2   |   10.0.2.2  | 0.0.0.0  | 255.255.255.255 |   enp0s3  |   UH  |
[   10.698351] cloud-init[963]: ci-info: +-------+-------------+----------+-----------------+-----------+-------+
[   10.699018] cloud-init[963]: ci-info: +++++++++++++++++++Route IPv6 info+++++++++++++++++++
[   10.699598] cloud-init[963]: ci-info: +-------+-------------+---------+-----------+-------+
[   10.700194] cloud-init[963]: ci-info: | Route | Destination | Gateway | Interface | Flags |
[   10.700800] cloud-init[963]: ci-info: +-------+-------------+---------+-----------+-------+
[   10.701360] cloud-init[963]: ci-info: |   1   |  fe80::/64  |    ::   |   enp0s3  |   U   |
[   10.701978] cloud-init[963]: ci-info: |   3   |    local    |    ::   |   enp0s3  |   U   |
[   10.702850] cloud-init[963]: ci-info: |   4   |   ff00::/8  |    ::   |   enp0s3  |   U   |
[   10.703694] cloud-init[963]: ci-info: +-------+-------------+---------+-----------+-------+
[   11.277749] cloud-init[963]: Generating public/private rsa key pair.
[   11.278190] cloud-init[963]: Your identification has been saved in /etc/ssh/ssh_host_rsa_key.
[   11.278696] cloud-init[963]: Your public key has been saved in /etc/ssh/ssh_host_rsa_key.pub.
[   11.279185] cloud-init[963]: The key fingerprint is:
[   11.279540] cloud-init[963]: SHA256:JJoJ/gl0uqHS6ffdKRxqRti4DnXD0BKUMjW+DkrRbxA root@ubuntu-bionic
[   11.280227] cloud-init[963]: The key's randomart image is:
[   11.329301] cloud-init[963]: +---[RSA 2048]----+
[[   11.329645] cloud-init[963]: |   E=.           |
[   11.329694] cloud-init[963]: |  +.o+           |
[   11.329883] cloud-init[963]: | .o== o .        |
[   11.330054] cloud-init[963]: | o.+oO o         |
[   11.330203] cloud-init[963]: | .* **+ S        |
[   11.330367] cloud-init[963]: |.+ X+oo..        |
[   11.330516] cloud-init[963]: |+ = +o o .       |
[   11.330657] cloud-init[963]: |.. .o +.o. .     |
[   11.330811] cloud-init[963]: |  .o.+. ..o      |
[   11.331722] cloud-init[963]: +----[SHA256]-----+
[   11.332139] cloud-init[963]: Generating public/private dsa key pair.
[   11.332356] cloud-init[963]: Your identification has been saved in /etc/ssh/ssh_host_dsa_key.
[   11.332503] cloud-init[963]: Your public key has been saved in /etc/ssh/ssh_host_dsa_key.pub.
[   11.332653] cloud-init[963]: The key fingerprint is:
[   11.332810] cloud-init[963]: SHA256:WBHJ3FdBK9gtAmI7h5CeGfMrtBPy2C26a5w1i79wMvg root@ubuntu-bionic
[   11.332961] cloud-init[963]: The key's randomart image is:
[   11.333110] cloud-init[963]: +---[DSA 1024]----+
[   11.333264] cloud-init[963]: |    ..oo++   o+. |
[   11.333430] cloud-init[963]: |    +o ++o.o.. . |
[   11.333585] cloud-init[963]: |   . *+ o o.+ o  |
[   11.333740] cloud-init[963]: |  . * .=   . o   |
[   11.333871] cloud-init[963]: |   * +..S        |
[   11.334012] cloud-init[963]: | .. X o          |
[   11.334177] cloud-init[963]: |..+=.*           |
[   11.334328] cloud-init[963]: | .*=.            |
[   11.334474] cloud-init[963]: | .E+o.           |
[   11.334627] cloud-init[963]: +----[SHA256]-----+
[   11.335093] cloud-init[963]: Generating public/private ecdsa key pair.
[   11.335244] cloud-init[963]: Your identification has been saved in /etc/ssh/ssh_host_ecdsa_key.
[   11.335397] cloud-init[963]: Your public key has been saved in /etc/ssh/ssh_host_ecdsa_key.pub.
[   11.335618] cloud-init[963]: The key fingerprint is:
[   11.335686] cloud-init[963]: SHA256:uw7EuYMXhXlmuehsbaL0k2oSQ4KX2om3aD/aXuvWoYs root@ubuntu-bionic
[   11.335829] cloud-init[963]: The key's randomart image is:
[   11.335958] cloud-init[963]: +---[ECDSA 256]---+
[   11.336094] cloud-init[963]: |                 |
[   11.336217] cloud-init[963]: |       o .       |
[   11.336358] cloud-init[963]: |.  .  o *        |
[   11.336475] cloud-init[963]: |o +  . B .       |
[   11.336601] cloud-init[963]: | B .  * S        |
[   11.336743] cloud-init[963]: |o *  = = .       |
[   11.336890] cloud-init[963]: | o +o.%.=        |
[   11.337023] cloud-init[963]: |..+o+B+* .       |
[   11.337139] cloud-init[963]: |..+E*=ooo        |
[   11.337268] cloud-init[963]: +----[SHA256]-----+
[   11.337462] cloud-init[963]: Generating public/private ed25519 key pair.
[   11.337606] cloud-init[963]: Your identification has been saved in /etc/ssh/ssh_host_ed25519_key.
[   11.337734] cloud-init[963]: Your public key has been saved in /etc/ssh/ssh_host_ed25519_key.pub.
[   11.337941] cloud-init[963]: The key fingerprint is:
[   11.338061] cloud-init[963]: SHA256:ypL9Q4qLb7uC0qWSru3docw4r3hRzbqQOt5Uwi3I32k root@ubuntu-bionic
[   11.338128] cloud-init[963]: The key's randomart image is:
[   11.338349] cloud-init[963]: +--[ED25519 256]--+
[   11.338456] cloud-init[963]: |                 |
[   11.338513] cloud-init[963]: |                 |
[   11.338648] cloud-init[963]: |     o           |
[   11.338788] cloud-init[963]: |. o o o          |
[   11.338931] cloud-init[963]: | o * +  S        |
[   11.338989] cloud-init[963]: |  = B+...        |
[   11.339054] cloud-init[963]: | = BoE=o         |
[   11.339178] cloud-init[963]: |BoO*=+.o.        |
[   11.339316] cloud-init[963]: |BB*O@+. ..       |
[   11.339450] cloud-init[963]: +----[SHA256]-----+
[0;32m  OK  [0m] Started Initial cloud-init job (metadata service crawler).
[[0;32m  OK  [0m] Reached target Cloud-config availability.
[[0;32m  OK  [0m] Reached target System Initialization.
         Starting LXD - unix socket.
[[0;32m  OK  [0m] Started Daily apt download activities.
[[0;32m  OK  [0m] Started Daily apt upgrade and clean activities.
[[0;32m  OK  [0m] Listening on D-Bus System Message Bus Socket.
         Starting Socket activation for snappy daemon.
[[0;32m  OK  [0m] Started ACPI Events Check.
[[0;32m  OK  [0m] Listening on cloud-init hotplug hook socket.
[[0;32m  OK  [0m] Reached target Paths.
[[0;32m  OK  [0m] Started Message of the Day.
[[0;32m  OK  [0m] Listening on UUID daemon activation socket.
[[0;32m  OK  [0m] Started Ubuntu Advantage Timer for running repeated jobs.
[[0;32m  OK  [0m] Listening on ACPID Listen Socket.
[[0;32m  OK  [0m] Started Daily Cleanup of Temporary Directories.
[[0;32m  OK  [0m] Started Discard unused blocks once a week.
[[0;32m  OK  [0m] Reached target Timers.
[[0;32m  OK  [0m] Listening on Open-iSCSI iscsid Socket.
[[0;32m  OK  [0m] Reached target Network is Online.
         Starting Availability of block devices...
[[0;32m  OK  [0m] Reached target Remote File Systems (Pre).
[[0;32m  OK  [0m] Reached target Remote File Systems.
[[0;32m  OK  [0m] Listening on LXD - unix socket.
[[0;32m  OK  [0m] Listening on Socket activation for snappy daemon.
[[0;32m  OK  [0m] Reached target Sockets.
[[0;32m  OK  [0m] Reached target Basic System.
[[0;32m  OK  [0m] Started irqbalance daemon.
[[0;32m  OK  [0m] Started D-Bus System Message Bus.
         Starting Accounts Service...
         Starting Dispatcher daemon for systemd-networkd...
[[0;32m  OK  [0m] Reached target Login Prompts (Pre).
         Starting Pollinate to seed the pseudo random number generator...
         Starting System Logging Service...
         Starting LSB: Record successful boot for GRUB...
         Starting Virtualbox guest utils...
         Starting LSB: automatic crash report generation...
         Starting Login Service...
         Starting Snap Daemon...
[[0;32m  OK  [0m] Started FUSE filesystem for LXC.
[[0;32m  OK  [0m] Started Deferred execution scheduler.
         Starting Permit User Sessions...
[[0;32m  OK  [0m] Started Regular background program processing daemon.
         Starting LXD - container startup/shutdown...
[[0;32m  OK  [0m] Started Availability of block devices.
[[0;32m  OK  [0m] Started System Logging Service.
[[0;32m  OK  [0m] Started LSB: automatic crash report generation.
[[0;32m  OK  [0m] Started Login Service.
[[0;32m  OK  [0m] Started Unattended Upgrades Shutdown.
[[0;32m  OK  [0m] Started Permit User Sessions.
         Starting Hold until boot process finishes up...
         Starting Terminate Plymouth Boot Screen...
[[0;32m  OK  [0m] Started Hold until boot process finishes up.
         Starting Set console scheme...
[[0;32m  OK  [0m] Started Serial Getty on ttyS0.
[[0;32m  OK  [0m] Started Terminate Plymouth Boot Screen.
[[0;32m  OK  [0m] Started Set console scheme.
[[0;32m  OK  [0m] Created slice system-getty.slice.
[[0;32m  OK  [0m] Started Getty on tty1.
[[0;32m  OK  [0m] Reached target Login Prompts.
         Starting Authorization Manager...
[[0;32m  OK  [0m] Started LSB: Record successful boot for GRUB.
[[0;32m  OK  [0m] Started Virtualbox guest utils.
[[0;32m  OK  [0m] Started Authorization Manager.
[[0;32m  OK  [0m] Started Accounts Service.
[[0;32m  OK  [0m] Started LXD - container startup/shutdown.
[[0;32m  OK  [0m] Started Dispatcher daemon for systemd-networkd.
[[0;32m  OK  [0m] Started Snap Daemon.
         Starting Wait until snapd is fully seeded...
         Starting Time & Date Service...
[[0;32m  OK  [0m] Started Time & Date Service.
[[0;32m  OK  [0m] Started Pollinate to seed the pseudo random number generator.
         Starting OpenBSD Secure Shell server...
[[0;32m  OK  [0m] Started OpenBSD Secure Shell server.
[[0;32m  OK  [0m] Created slice User Slice of vagrant.
         Starting User Manager for UID 1000...
[[0;32m  OK  [0m] Started Session 1 of user vagrant.
[[0;32m  OK  [0m] Started User Manager for UID 1000.
[[0;32m  OK  [0m] Started Wait until snapd is fully seeded.
         Starting Apply the settings specified in cloud-config...
[   15.890558] cloud-init[1807]: Cloud-init v. 23.1.2-0ubuntu0~18.04.1 running 'modules:config' at Sat, 05 Oct 2024 20:52:38 +0000. Up 15.61 seconds.
[[0;32m  OK  [0m] Started Apply the settings specified in cloud-config.
[[0;32m  OK  [0m] Reached target Multi-User System.
[[0;32m  OK  [0m] Reached target Graphical Interface.
         Starting Execute cloud user/final scripts...
         Starting Update UTMP about System Runlevel Changes...
[[0;32m  OK  [0m] Started Update UTMP about System Runlevel Changes.
ci-info: no authorized SSH keys fingerprints found for user ubuntu.
<14>Oct  5 20:52:39 cloud-init: #############################################################
<14>Oct  5 20:52:39 cloud-init: -----BEGIN SSH HOST KEY FINGERPRINTS-----
<14>Oct  5 20:52:39 cloud-init: 1024 SHA256:WBHJ3FdBK9gtAmI7h5CeGfMrtBPy2C26a5w1i79wMvg root@ubuntu-bionic (DSA)
<14>Oct  5 20:52:39 cloud-init: 256 SHA256:uw7EuYMXhXlmuehsbaL0k2oSQ4KX2om3aD/aXuvWoYs root@ubuntu-bionic (ECDSA)
<14>Oct  5 20:52:39 cloud-init: 256 SHA256:ypL9Q4qLb7uC0qWSru3docw4r3hRzbqQOt5Uwi3I32k root@ubuntu-bionic (ED25519)
<14>Oct  5 20:52:39 cloud-init: 2048 SHA256:JJoJ/gl0uqHS6ffdKRxqRti4DnXD0BKUMjW+DkrRbxA root@ubuntu-bionic (RSA)
<14>Oct  5 20:52:39 cloud-init: -----END SSH HOST KEY FINGERPRINTS-----
<14>Oct  5 20:52:39 cloud-init: #############################################################
-----BEGIN SSH HOST KEY KEYS-----
ecdsa-sha2-nistp256 AAAAE2VjZHNhLXNoYTItbmlzdHAyNTYAAAAIbmlzdHAyNTYAAABBBACHRWrGiXNCBqOiYg3T0TVzR2Jqg5/JeZlDvVHmlSLtR+0gIvEVT0hoSxdwootRFmT3OeTVIUn0GcWnIqJmy+0= root@ubuntu-bionic
ssh-ed25519 AAAAC3NzaC1lZDI1NTE5AAAAINUv3fp1yD2/+lzJ/F2tL0bYEADaBT6JZhCKIKK9CZb+ root@ubuntu-bionic
ssh-rsa AAAAB3NzaC1yc2EAAAADAQABAAABAQCyQzzHhoK29krgTdeEY3d8qry2KCipyFCJcoDKKl4BqqNNK7iKN0X585iIKHA/ncp25RGERqxJAicZ5iCT68oPrSnAGkZKJsFecL17maib67I2tK62xKXgGYvcDZtWavCV8i8IkX7RR7MjtY6jnXeDis3GnUmNyGUVS9YEDWQa2DsGC5CAkYla/5LkjK+txrPzaCKGB7XV0J5XbGsCAfjk1RCG40wZjCV7GowgLWs0WEjzUc/jawT2rO4j4ngiSKf7vrrT5sl+BwTYxKWttLMxB1cAGvImc7RoexJPXI39gcjmIXgEGf3jDTRfDYHzcJK17hvkWxCCDg7fzh92YPLL root@ubuntu-bionic
-----END SSH HOST KEY KEYS-----
[   16.465672] cloud-init[1938]: Cloud-init v. 23.1.2-0ubuntu0~18.04.1 running 'modules:final' at Sat, 05 Oct 2024 20:52:39 +0000. Up 16.31 seconds.
[   16.466555] cloud-init[1938]: Cloud-init v. 23.1.2-0ubuntu0~18.04.1 finished at Sat, 05 Oct 2024 20:52:39 +0000. Datasource DataSourceNoCloud [seed=/dev/sdb][dsmode=net].  Up 16.46 seconds
[[0;32m  OK  [0m] Started Execute cloud user/final scripts.
[[0;32m  OK  [0m] Reached target Cloud-init target.

Ubuntu 18.04.6 LTS ubuntu-bionic ttyS0

ubuntu-bionic login: 